PREHOOK: query: -- This test is used for testing EXPLAIN DEPENDENCY command

-- Create some views
CREATE VIEW V1 AS SELECT key, value from src
PREHOOK: type: CREATEVIEW
#### A masked pattern was here ####
POSTHOOK: query: -- This test is used for testing EXPLAIN DEPENDENCY command

-- Create some views
CREATE VIEW V1 AS SELECT key, value from src
POSTHOOK: type: CREATEVIEW
POSTHOOK: Output: default@V1
#### A masked pattern was here ####
PREHOOK: query: CREATE VIEW V2 AS SELECT ds, key, value FROM srcpart WHERE ds IS NOT NULL
PREHOOK: type: CREATEVIEW
#### A masked pattern was here ####
POSTHOOK: query: CREATE VIEW V2 AS SELECT ds, key, value FROM srcpart WHERE ds IS NOT NULL
POSTHOOK: type: CREATEVIEW
POSTHOOK: Output: default@V2
#### A masked pattern was here ####
PREHOOK: query: CREATE VIEW V3 AS 
  SELECT src1.key, src2.value FROM V2 src1 
  JOIN src src2 ON src1.key = src2.key WHERE src1.ds IS NOT NULL
PREHOOK: type: CREATEVIEW
PREHOOK: Input: default@v2
#### A masked pattern was here ####
POSTHOOK: query: CREATE VIEW V3 AS 
  SELECT src1.key, src2.value FROM V2 src1 
  JOIN src src2 ON src1.key = src2.key WHERE src1.ds IS NOT NULL
POSTHOOK: type: CREATEVIEW
POSTHOOK: Input: default@v2
POSTHOOK: Output: default@V3
#### A masked pattern was here ####
PREHOOK: query: CREATE VIEW V4 AS 
  SELECT src1.key, src2.value as value1, src3.value as value2 
  FROM V1 src1 JOIN V2 src2 on src1.key = src2.key JOIN src src3 ON src2.key = src3.key
PREHOOK: type: CREATEVIEW
PREHOOK: Input: default@v1
PREHOOK: Input: default@v2
#### A masked pattern was here ####
POSTHOOK: query: CREATE VIEW V4 AS 
  SELECT src1.key, src2.value as value1, src3.value as value2 
  FROM V1 src1 JOIN V2 src2 on src1.key = src2.key JOIN src src3 ON src2.key = src3.key
POSTHOOK: type: CREATEVIEW
POSTHOOK: Input: default@v1
POSTHOOK: Input: default@v2
POSTHOOK: Output: default@V4
#### A masked pattern was here ####
PREHOOK: query: -- Simple select queries, union queries and join queries
EXPLAIN DEPENDENCY 
  SELECT key, count(1) FROM srcpart WHERE ds IS NOT NULL GROUP BY key
PREHOOK: type: QUERY
POSTHOOK: query: -- Simple select queries, union queries and join queries
EXPLAIN DEPENDENCY 
  SELECT key, count(1) FROM srcpart WHERE ds IS NOT NULL GROUP BY key
POSTHOOK: type: QUERY
{"input_partitions":["default@srcpart@ds=2008-04-08/hr=11","default@srcpart@ds=2008-04-08/hr=12","default@srcpart@ds=2008-04-09/hr=11","default@srcpart@ds=2008-04-09/hr=12"],"input_tables":[{"tablename":"default@srcpart","tabletype":"MANAGED_TABLE"}]}
PREHOOK: query: EXPLAIN DEPENDENCY 
  SELECT key, count(1) FROM (SELECT key, value FROM src) subq1 GROUP BY key
PREHOOK: type: QUERY
POSTHOOK: query: EXPLAIN DEPENDENCY 
  SELECT key, count(1) FROM (SELECT key, value FROM src) subq1 GROUP BY key
POSTHOOK: type: QUERY
{"input_partitions":[],"input_tables":[{"tablename":"default@src","tabletype":"MANAGED_TABLE"}]}
PREHOOK: query: EXPLAIN DEPENDENCY 
  SELECT * FROM (
    SELECT key, value FROM src UNION ALL SELECT key, value FROM srcpart WHERE ds IS NOT NULL
  ) S1
PREHOOK: type: QUERY
POSTHOOK: query: EXPLAIN DEPENDENCY 
  SELECT * FROM (
    SELECT key, value FROM src UNION ALL SELECT key, value FROM srcpart WHERE ds IS NOT NULL
  ) S1
POSTHOOK: type: QUERY
{"input_partitions":["default@srcpart@ds=2008-04-08/hr=11","default@srcpart@ds=2008-04-08/hr=12","default@srcpart@ds=2008-04-09/hr=11","default@srcpart@ds=2008-04-09/hr=12"],"input_tables":[{"tablename":"default@srcpart","tabletype":"MANAGED_TABLE"},{"tablename":"default@src","tabletype":"MANAGED_TABLE"}]}
PREHOOK: query: EXPLAIN DEPENDENCY 
  SELECT S1.key, S2.value FROM src S1 JOIN srcpart S2 ON S1.key = S2.key WHERE ds IS NOT NULL
PREHOOK: type: QUERY
POSTHOOK: query: EXPLAIN DEPENDENCY 
  SELECT S1.key, S2.value FROM src S1 JOIN srcpart S2 ON S1.key = S2.key WHERE ds IS NOT NULL
POSTHOOK: type: QUERY
{"input_partitions":["default@srcpart@ds=2008-04-08/hr=11","default@srcpart@ds=2008-04-08/hr=12","default@srcpart@ds=2008-04-09/hr=11","default@srcpart@ds=2008-04-09/hr=12"],"input_tables":[{"tablename":"default@srcpart","tabletype":"MANAGED_TABLE"},{"tablename":"default@src","tabletype":"MANAGED_TABLE"}]}
PREHOOK: query: -- With views
EXPLAIN DEPENDENCY SELECT * FROM V1
PREHOOK: type: QUERY
POSTHOOK: query: -- With views
EXPLAIN DEPENDENCY SELECT * FROM V1
POSTHOOK: type: QUERY
{"input_partitions":[],"input_tables":[{"tablename":"default@v1","tabletype":"VIRTUAL_VIEW"},{"tablename":"default@src","tabletype":"MANAGED_TABLE"}]}
PREHOOK: query: EXPLAIN DEPENDENCY SELECT * FROM V2
PREHOOK: type: QUERY
POSTHOOK: query: EXPLAIN DEPENDENCY SELECT * FROM V2
POSTHOOK: type: QUERY
{"input_partitions":["default@srcpart@ds=2008-04-08/hr=11","default@srcpart@ds=2008-04-08/hr=12","default@srcpart@ds=2008-04-09/hr=11","default@srcpart@ds=2008-04-09/hr=12"],"input_tables":[{"tablename":"default@v2","tabletype":"VIRTUAL_VIEW"},{"tablename":"default@srcpart","tabletype":"MANAGED_TABLE"}]}
PREHOOK: query: EXPLAIN DEPENDENCY SELECT * FROM V3
PREHOOK: type: QUERY
POSTHOOK: query: EXPLAIN DEPENDENCY SELECT * FROM V3
POSTHOOK: type: QUERY
{"input_partitions":["default@srcpart@ds=2008-04-08/hr=11","default@srcpart@ds=2008-04-08/hr=12","default@srcpart@ds=2008-04-09/hr=11","default@srcpart@ds=2008-04-09/hr=12"],"input_tables":[{"tablename":"default@v3","tabletype":"VIRTUAL_VIEW"},{"tablename":"default@v2","tabletype":"VIRTUAL_VIEW"},{"tablename":"default@src","tabletype":"MANAGED_TABLE"},{"tablename":"default@srcpart","tabletype":"MANAGED_TABLE"}]}
PREHOOK: query: EXPLAIN DEPENDENCY SELECT * FROM V4
PREHOOK: type: QUERY
POSTHOOK: query: EXPLAIN DEPENDENCY SELECT * FROM V4
POSTHOOK: type: QUERY
{"input_partitions":["default@srcpart@ds=2008-04-08/hr=11","default@srcpart@ds=2008-04-08/hr=12","default@srcpart@ds=2008-04-09/hr=11","default@srcpart@ds=2008-04-09/hr=12"],"input_tables":[{"tablename":"default@v4","tabletype":"VIRTUAL_VIEW"},{"tablename":"default@v2","tabletype":"VIRTUAL_VIEW"},{"tablename":"default@v1","tabletype":"VIRTUAL_VIEW"},{"tablename":"default@src","tabletype":"MANAGED_TABLE"},{"tablename":"default@srcpart","tabletype":"MANAGED_TABLE"}]}
