FAILED: ParseException line 5:0 mismatched input 'ORDER' expecting EOF near 'tkey'

