FAILED: ParseException line 1:27 cannot recognize input near '<EOF>' '<EOF>' '<EOF>' in column type

