FAILED: ParseException line 1:20 cannot recognize input near '-' 'name' '(' in create table statement

