FAILED: ParseException line 1:59 mismatched input 'AS' expecting Identifier near ')' in table alias

