FAILED: ParseException line 1:12 mismatched input '<EOF>' expecting set null in Identifier for show statement

