FAILED: ParseException line 1:25 mismatched input '<EOF>' expecting set null in Identifier for show statement

