FAILED: ParseException line 1:29 mismatched input 'foo' expecting EOF near 'shcol_test'

